// Jest Snapshot v1, https://goo.gl/fbAQLP

exports[`Error successfully rendered 1`] = `
<div>
  <h1>
    404
  </h1>
  <h3>
    Not Found!
  </h3>
</div>
`;
